---
source: crates/output/src/formatters/text.rs
expression: output
---
+-------------+------+--------+---------+-----------------------------+
| File        | Line | Column | Pattern | Message                     |
+=====================================================================+
| src/main.rs | 5    | 3      | TODO    | TODO: implement feature     |
|-------------+------+--------+---------+-----------------------------|
| src/lib.rs  | 10   | 1      | FIXME   | FIXME: temporary workaround |
+-------------+------+--------+---------+-----------------------------+
